To honour the JVM settings for this build a single-use Daemon process will be forked. For more on this, please refer to https://docs.gradle.org/8.14/userguide/gradle_daemon.html#sec:disabling_the_daemon in the Gradle documentation.
Daemon will be stopped at the end of the build 

> Configure project :
Fabric Loom: 1.12.7
Java: 21.0.9, JVM: 21.0.9+7-LTS-338 (Oracle Corporation), Arch: x86_64, Version: 1.20.1-1.11.DEV.c7098eb1
prepared for build

> Task :exportClasspath
> Task :compileJava UP-TO-DATE
> Task :processResources UP-TO-DATE
> Task :classes UP-TO-DATE
> Task :jar
> Task :processIncludeJars UP-TO-DATE
> Task :sourcesJar UP-TO-DATE
> Task :remapSourcesJar UP-TO-DATE
> Task :generateLog4jConfig UP-TO-DATE
> Task :generateRemapClasspath
> Task :generateDLIConfig UP-TO-DATE
> Task :configureLaunch
> Task :downloadAssets UP-TO-DATE
> Task :configureClientLaunch

> Task :runDatagen
[22:41:28] [main/INFO] (FabricLoader/GameProvider) Loading Minecraft 1.20.1 with Fabric Loader 0.18.2
[22:41:28] [main/INFO] (FabricLoader) Loading 92 mods:
	- architectury 9.1.12
	- cardinal-components-base 5.2.3
	- cardinal-components-entity 5.2.3
	- cloth-basic-math 0.6.1
	- cloth-config 11.0.99
	- error_notifier 1.0.9
	- fabric-api 0.92.6+1.20.1
	- fabric-api-base 0.4.32+1802ada577
	- fabric-api-lookup-api-v1 1.6.37+1802ada577
	- fabric-biome-api-v1 13.0.14+1802ada577
	- fabric-block-api-v1 1.0.12+1802ada577
	- fabric-block-view-api-v2 1.0.3+924f046a77
	- fabric-blockrenderlayer-v1 1.1.42+1802ada577
	- fabric-client-tags-api-v1 1.1.3+1802ada577
	- fabric-command-api-v1 1.2.35+f71b366f77
	- fabric-command-api-v2 2.2.14+1802ada577
	- fabric-commands-v0 0.2.52+df3654b377
	- fabric-containers-v0 0.1.67+df3654b377
	- fabric-content-registries-v0 4.0.13+1802ada577
	- fabric-convention-tags-v1 1.5.6+1802ada577
	- fabric-crash-report-info-v1 0.2.20+1802ada577
	- fabric-data-attachment-api-v1 1.0.2+de0fd6d177
	- fabric-data-generation-api-v1 12.3.7+1802ada577
	- fabric-dimensions-v1 2.1.55+1802ada577
	- fabric-entity-events-v1 1.6.1+1c78457f77
	- fabric-events-interaction-v0 0.6.5+13a40c6677
	- fabric-events-lifecycle-v0 0.2.64+df3654b377
	- fabric-game-rule-api-v1 1.0.41+1802ada577
	- fabric-gametest-api-v1 1.2.15+1802ada577
	- fabric-item-api-v1 2.1.29+1802ada577
	- fabric-item-group-api-v1 4.0.14+1802ada577
	- fabric-key-binding-api-v1 1.0.38+1802ada577
	- fabric-keybindings-v0 0.2.36+df3654b377
	- fabric-lifecycle-events-v1 2.2.23+1802ada577
	- fabric-loot-api-v2 1.2.3+1802ada577
	- fabric-loot-tables-v1 1.1.47+9e7660c677
	- fabric-message-api-v1 5.1.10+1802ada577
	- fabric-mining-level-api-v1 2.1.52+1802ada577
	- fabric-model-loading-api-v1 1.0.4+1802ada577
	- fabric-models-v0 0.4.3+9386d8a777
	- fabric-networking-api-v1 1.3.14+a158aa0477
	- fabric-networking-v0 0.3.54+df3654b377
	- fabric-object-builder-api-v1 11.1.5+e35120df77
	- fabric-particles-v1 1.1.3+1802ada577
	- fabric-recipe-api-v1 1.0.24+1802ada577
	- fabric-registry-sync-v0 2.3.6+1802ada577
	- fabric-renderer-api-v1 3.2.2+1802ada577
	- fabric-renderer-indigo 1.5.3+85287f9f77
	- fabric-renderer-registries-v1 3.2.47+df3654b377
	- fabric-rendering-data-attachment-v1 0.3.39+92a0d36777
	- fabric-rendering-fluids-v1 3.0.29+1802ada577
	- fabric-rendering-v0 1.1.50+df3654b377
	- fabric-rendering-v1 3.0.9+1802ada577
	- fabric-resource-conditions-api-v1 2.3.9+1802ada577
	- fabric-resource-loader-v0 0.11.12+fb82e9d777
	- fabric-screen-api-v1 2.0.9+1802ada577
	- fabric-screen-handler-api-v1 1.3.33+1802ada577
	- fabric-sound-api-v1 1.0.14+1802ada577
	- fabric-transfer-api-v1 3.3.6+8dd72ea377
	- fabric-transitive-access-wideners-v1 4.3.2+1802ada577
	- fabricloader 0.18.2
	- java 21
	- mantle 1.20.1-1.11.DEV.c7098eb1
	- minecraft 1.20.1
	- mixinextras 0.5.0
	- modmenu 7.2.1
	- porting_lib_accessors 2.3.16-beta.81+1.20.1
	- porting_lib_attributes 2.3.16-beta.81+1.20.1
	- porting_lib_base 2.3.16-beta.81+1.20.1
	- porting_lib_common 2.3.16-beta.81+1.20.1
	- porting_lib_config 2.3.16-beta.81+1.20.1
	- porting_lib_core 2.3.16-beta.81+1.20.1
	- porting_lib_data 2.3.16-beta.81+1.20.1
	- porting_lib_entity 2.3.16-beta.81+1.20.1
	- porting_lib_extensions 2.3.16-beta.81+1.20.1
	- porting_lib_fluids 2.3.16-beta.81+1.20.1
	- porting_lib_gui_utils 2.3.16-beta.81+1.20.1
	- porting_lib_lazy_registration 2.3.16-beta.81+1.20.1
	- porting_lib_loot 2.3.16-beta.81+1.20.1
	- porting_lib_mixin_extensions 2.3.16-beta.81+1.20.1
	- porting_lib_model_generators 2.3.16-beta.81+1.20.1
	- porting_lib_model_loader 2.3.16-beta.81+1.20.1
	- porting_lib_model_materials 2.3.16-beta.81+1.20.1
	- porting_lib_models 2.3.16-beta.81+1.20.1
	- porting_lib_networking 2.3.16-beta.81+1.20.1
	- porting_lib_tags 3.0
	- porting_lib_tool_actions 2.3.16-beta.81+1.20.1
	- porting_lib_transfer 2.3.16-beta.81+1.20.1
	- porting_lib_utility 2.3.16-beta.81+1.20.1
	- reach-entity-attributes 2.4.0
	- roughlyenoughitems 12.0.622
	- star 1.5.2+1.20.1
[22:41:28] [main/INFO] (FabricLoader/Mixin) SpongePowered MIXIN Subsystem Version=0.8.7 Source=file:/Users/huangwenqin/.gradle/caches/modules-2/files-2.1/net.fabricmc/sponge-mixin/0.16.3+mixin.0.8.7/3e535042688d1265447e52ad86950b7d9678a5fa/sponge-mixin-0.16.3+mixin.0.8.7.jar Service=Knot/Fabric Env=CLIENT
[22:41:28] [main/INFO] (FabricLoader/Mixin) Loaded Fabric development mappings for mixin remapper!
[22:41:28] [main/INFO] (FabricLoader/Mixin) Compatibility level set to JAVA_16
[22:41:28] [main/INFO] (FabricLoader/Mixin) Compatibility level set to JAVA_17
[22:41:29] [main/WARN] (FabricLoader/Mixin) Error loading class: io/vram/frex/base/renderer/context/render/EntityBlockRenderContext (java.lang.ClassNotFoundException: io/vram/frex/base/renderer/context/render/EntityBlockRenderContext)
[22:41:29] [main/WARN] (FabricLoader/Mixin) @Mixin target io.vram.frex.base.renderer.context.render.EntityBlockRenderContext was not found porting_lib_base.mixins.json:client.frex.EntityBlockRenderContextMixin from mod porting_lib_base
[22:41:29] [main/WARN] (FabricLoader/Mixin) Error loading class: io/vram/frex/api/model/fluid/SimpleFluidModel (java.lang.ClassNotFoundException: io/vram/frex/api/model/fluid/SimpleFluidModel)
[22:41:29] [main/WARN] (FabricLoader/Mixin) Error loading class: link/infra/indium/renderer/render/BlockRenderInfo (java.lang.ClassNotFoundException: link/infra/indium/renderer/render/BlockRenderInfo)
[22:41:29] [main/WARN] (FabricLoader/Mixin) Error loading class: link/infra/indium/renderer/render/TerrainRenderContext (java.lang.ClassNotFoundException: link/infra/indium/renderer/render/TerrainRenderContext)
[22:41:29] [main/WARN] (FabricLoader/Mixin) Error loading class: me/jellysquid/mods/sodium/client/render/chunk/compile/pipeline/FluidRenderer (java.lang.ClassNotFoundException: me/jellysquid/mods/sodium/client/render/chunk/compile/pipeline/FluidRenderer)
[22:41:29] [main/WARN] (FabricLoader/Mixin) @Mixin target me.jellysquid.mods.sodium.client.render.chunk.compile.pipeline.FluidRenderer was not found star.mixins.json:sodium.FluidRendererAccessor from mod star
[22:41:29] [main/WARN] (FabricLoader/Mixin) Error loading class: me/jellysquid/mods/sodium/client/render/chunk/compile/pipeline/FluidRenderer (java.lang.ClassNotFoundException: me/jellysquid/mods/sodium/client/render/chunk/compile/pipeline/FluidRenderer)
[22:41:29] [main/WARN] (FabricLoader/Mixin) @Mixin target me.jellysquid.mods.sodium.client.render.chunk.compile.pipeline.FluidRenderer was not found star.mixins.json:sodium.FluidRendererMixin from mod star
[22:41:30] [main/INFO] (FabricLoader/MixinExtras|Service) Initializing MixinExtras via com.llamalad7.mixinextras.service.MixinExtrasServiceImpl(version=0.5.0).
[22:41:35] [Datafixer Bootstrap/INFO] (Minecraft) 188 Datafixer optimizations took 148 milliseconds
[22:41:37] [Render thread/INFO] (Minecraft) Environment: authHost='https://authserver.mojang.com', accountsHost='https://api.mojang.com', sessionHost='https://sessionserver.mojang.com', servicesHost='https://api.minecraftservices.com', name='PROD'
[22:41:38] [Render thread/INFO] (Minecraft) Setting user: Player561
[22:41:38] [Render thread/INFO] (Mantle) [selftest] development environment: arming self test
[22:41:39] [Render thread/INFO] (REI) [REI] Config loaded
[22:41:39] [Render thread/INFO] (NetworkManagerImpl) Registering S2C receiver with id roughlyenoughitems:request_tags_s2c
[22:41:39] [Render thread/INFO] (NetworkManagerImpl) Registering C2S receiver with id roughlyenoughitems:request_tags_c2s
[22:41:39] [Render thread/INFO] (REI) [REI] Registered plugin provider DefaultPlugin [roughlyenoughitems] for REIPlugin
[22:41:39] [Render thread/INFO] (REI) [REI] Registered plugin provider DefaultRuntimePlugin [roughlyenoughitems] for REIPlugin
[22:41:39] [Render thread/INFO] (REI) [REI] Registered plugin provider REIPlugin [mantle] for REIPlugin
[22:41:39] [Render thread/INFO] (REI) [REI] Registered plugin provider DefaultClientPlugin [roughlyenoughitems] for REIPlugin
[22:41:39] [Render thread/INFO] (REI) [REI] Registered plugin provider DefaultClientRuntimePlugin [roughlyenoughitems] for REIPlugin
[22:41:39] [Render thread/INFO] (REI) [REI] Registered plugin provider HideIngredientsFromTagsPlugin [roughlyenoughitems] for REIPlugin
[22:41:39] [Render thread/INFO] (REI) [REI] Registered plugin provider DefaultPlugin [roughlyenoughitems] for REIServerPlugin
[22:41:39] [Render thread/INFO] (REI) [REI] Registered plugin provider DefaultRuntimePlugin [roughlyenoughitems] for REIServerPlugin
[22:41:39] [Render thread/INFO] (REI) [REI] Registered plugin provider FabricFluidAPISupportPlugin for REIServerPlugin
[22:41:39] [Render thread/INFO] (REI) [REI] Registered plugin provider FabricFluidAPISupportPlugin for REIPlugin
[22:41:39] [Render thread/INFO] (NetworkManagerImpl) Registering C2S receiver with id roughlyenoughitems:delete_item
[22:41:39] [Render thread/INFO] (NetworkManagerImpl) Registering C2S receiver with id roughlyenoughitems:create_item
[22:41:39] [Render thread/INFO] (NetworkManagerImpl) Registering C2S receiver with id roughlyenoughitems:create_item_grab
[22:41:39] [Render thread/INFO] (NetworkManagerImpl) Registering C2S receiver with id roughlyenoughitems:create_item_hotbar
[22:41:39] [Render thread/INFO] (NetworkManagerImpl) Registering C2S receiver with id roughlyenoughitems:move_items
[22:41:39] [Render thread/INFO] (NetworkManagerImpl) Registering S2C receiver with id architectury:spawn_entity_packet
[22:41:39] [Worker-Main-1/INFO] (Mod Menu/Update Checker) Checking mod updates...
[22:41:39] [Render thread/INFO] (Indigo) [Indigo] Registering Indigo renderer!
[22:41:39] [Render thread/INFO] (REI) [REI] Registered plugin provider REIPlugin [mantle] for REIClientPlugin
[22:41:39] [Render thread/INFO] (REI) [REI] Registered plugin provider DefaultClientPlugin [roughlyenoughitems] for REIClientPlugin
[22:41:39] [Render thread/INFO] (REI) [REI] Registered plugin provider DefaultClientRuntimePlugin [roughlyenoughitems] for REIClientPlugin
[22:41:39] [Render thread/INFO] (REI) [REI] Registered plugin provider HideIngredientsFromTagsPlugin [roughlyenoughitems] for REIClientPlugin
[22:41:39] [Render thread/INFO] (NetworkManagerImpl) Registering S2C receiver with id roughlyenoughitems:ci_msg
[22:41:39] [Render thread/INFO] (NetworkManagerImpl) Registering S2C receiver with id roughlyenoughitems:og_not_enough
[22:41:39] [Render thread/INFO] (FabricDataGenHelper) Running data generator for mantle
[22:41:39] [Render thread/INFO] (Minecraft) Starting provider: Mantle (Unofficial Fabric Port)/Mantle Block Tag Provider
[22:41:40] [Render thread/INFO] (Minecraft) Mantle (Unofficial Fabric Port)/Mantle Block Tag Provider finished after 208 ms
[22:41:40] [Render thread/INFO] (Minecraft) Starting provider: Mantle (Unofficial Fabric Port)/Mantle Fluid Tag Provider
[22:41:40] [Render thread/INFO] (Minecraft) Mantle (Unofficial Fabric Port)/Mantle Fluid Tag Provider finished after 1 ms
[22:41:40] [Render thread/INFO] (Minecraft) Starting provider: Mantle (Unofficial Fabric Port)/Tags for minecraft:menu
[22:41:40] [Render thread/INFO] (Minecraft) Mantle (Unofficial Fabric Port)/Tags for minecraft:menu finished after 1 ms
[22:41:40] [Render thread/INFO] (Minecraft) Starting provider: Mantle (Unofficial Fabric Port)/Mantle fluid transfer provider
[22:41:40] [Render thread/INFO] (Minecraft) Mantle (Unofficial Fabric Port)/Mantle fluid transfer provider finished after 10 ms
[22:41:40] [Render thread/INFO] (Minecraft) Starting provider: Mantle (Unofficial Fabric Port)/Mantle Fluid Tooltip Provider
[22:41:40] [Render thread/INFO] (Minecraft) Mantle (Unofficial Fabric Port)/Mantle Fluid Tooltip Provider finished after 2 ms
[22:41:40] [Render thread/INFO] (Minecraft) All providers took: 225 ms
[22:41:40] [Render thread/INFO] (Minecraft) Caching: total files: 31, old count: 31, new count: 32, removed stale: 0, written: 0

> Task :validateAccessWidener UP-TO-DATE

> Task :validateLangFiles
Validated 6 lang files (79 keys each)

> Task :check
> Task :remapJar
> Task :assemble
> Task :build

BUILD SUCCESSFUL in 23s
15 actionable tasks: 6 executed, 9 up-to-date
